[15:07:55] [Server thread/INFO]: Starting minecraft server version 1.12.2
[15:07:55] [Server thread/INFO]: Loading properties
[15:07:55] [Server thread/INFO]: Default game type: SURVIVAL
[15:07:55] [Server thread/INFO]: This server is running Paper version git-Paper-1620 (MC: 1.12.2) (Implementing API version 1.12.2-R0.1-SNAPSHOT)
[15:07:55] [Server thread/INFO]: Debug logging is disabled
[15:07:55] [Server thread/INFO]: Using 4 threads for Netty based IO
[15:07:55] [Server thread/INFO]: Server Ping Player Sample Count: 12
[15:07:56] [Server thread/INFO]: Generating keypair
[15:07:56] [Server thread/INFO]: Starting Minecraft server on *:25565
[15:07:56] [Server thread/INFO]: Using default channel type
[15:07:56] [Server thread/INFO]: Set PluginClassLoader as parallel capable
[15:07:56] [Server thread/INFO]: [AuthMe] Loading AuthMe v5.6.0-bCUSTOM
[15:07:56] [Server thread/INFO]: [ViaVersion] Loading ViaVersion v5.11.0
[15:07:56] [Server thread/INFO]: [ViaVersion] ViaVersion 5.11.0 is now loaded. Registering protocol transformers and injecting...
[15:07:57] [Via-Mappingloader-1/INFO]: [ViaVersion] Loading block connection mappings ...
[15:07:57] [Server thread/INFO]: [ViaBackwards] Loading translations...
[15:07:57] [Server thread/INFO]: [ViaBackwards] Registering protocols...
[15:07:57] [Server thread/INFO]: [ViaRewind] Registering protocols...
[15:07:58] [Server thread/INFO]: [EaglerXServer] Loading EaglercraftXServer v1.1.0
[15:07:58] [Server thread/INFO]: [EaglerXServer] (Platform: Bukkit)
[15:07:58] [Server thread/WARN]: [EaglerXServer] Note: Its highly recommended to install EaglerXServer on BungeeCord or Velocity instead, you will have a much better experience
[15:07:58] [Server thread/WARN]: [EaglerXServer] Note: If you are not using Spigot (or a derivative like Paper) or a version above 1.12.2, things probably won't work right
[15:07:58] [Server thread/INFO]: [EaglerXServer] Server Name: "EaglercraftXServer"
[15:07:58] [Server thread/ERROR]: [EaglerXServer] Could not load server icon: server-icon.png
javax.imageio.IIOException: Can't read input file!
	at javax.imageio.ImageIO.read(ImageIO.java:1308) ~[?:?]
	at net.lax1dude.eaglercraft.backend.server.base.ServerIconLoader.loadServerIcon(ServerIconLoader.java:112) ~[?:?]
	at net.lax1dude.eaglercraft.backend.server.base.ServerIconLoader$1.loadServerIcon(ServerIconLoader.java:51) ~[?:?]
	at net.lax1dude.eaglercraft.backend.server.base.EaglerListener.<init>(EaglerListener.java:90) ~[?:?]
	at net.lax1dude.eaglercraft.backend.server.base.EaglerXServer.loadNonProxying(EaglerXServer.java:376) ~[?:?]
	at net.lax1dude.eaglercraft.backend.server.base.EaglerXServer.load(EaglerXServer.java:341) ~[?:?]
	at net.lax1dude.eaglercraft.backend.server.bukkit.PlatformPluginBukkit.onLoad(PlatformPluginBukkit.java:234) ~[?:?]
	at org.bukkit.craftbukkit.v1_12_R1.CraftServer.loadPlugins(CraftServer.java:323) ~[patched_1.12.2.jar:git-Paper-1620]
	at net.minecraft.server.v1_12_R1.DedicatedServer.init(DedicatedServer.java:222) ~[patched_1.12.2.jar:git-Paper-1620]
	at net.minecraft.server.v1_12_R1.MinecraftServer.run(MinecraftServer.java:616) ~[patched_1.12.2.jar:git-Paper-1620]
	at java.lang.Thread.run(Thread.java:840) [?:?]
[15:07:58] [Server thread/INFO]: [EaglerXRewind-1.5] Loading EaglercraftXRewind-1-5 v1.0.3
[15:07:58] [Server thread/INFO]: [ViaBackwards] Loading ViaBackwards v5.11.0
[15:07:58] [Server thread/INFO]: [ViaRewind] Loading ViaRewind v4.1.3
[15:07:58] [Server thread/INFO]: Server permissions file permissions.yml is empty, ignoring it
[15:07:58] [Server thread/INFO]: [ViaRewind] Enabling ViaRewind v4.1.3
[15:07:58] [Server thread/INFO]: **** Beginning UUID conversion, this may take A LONG time ****
[15:07:58] [Server thread/INFO]: Preparing level "world"
[15:07:58] [Server thread/INFO]: -------- World Settings For [world] --------
[15:07:58] [Server thread/INFO]: Mob Spawn Range: 4
[15:07:58] [Server thread/INFO]: Cactus Growth Modifier: 100%
[15:07:58] [Server thread/INFO]: Cane Growth Modifier: 100%
[15:07:58] [Server thread/INFO]: Melon Growth Modifier: 100%
[15:07:58] [Server thread/INFO]: Mushroom Growth Modifier: 100%
[15:07:58] [Server thread/INFO]: Pumpkin Growth Modifier: 100%
[15:07:58] [Server thread/INFO]: Sapling Growth Modifier: 100%
[15:07:58] [Server thread/INFO]: Wheat Growth Modifier: 100%
[15:07:58] [Server thread/INFO]: NetherWart Growth Modifier: 100%
[15:07:58] [Server thread/INFO]: Vine Growth Modifier: 100%
[15:07:58] [Server thread/INFO]: Cocoa Growth Modifier: 100%
[15:07:58] [Server thread/INFO]: Entity Tracking Range: Pl 48 / An 48 / Mo 48 / Mi 32 / Other 64
[15:07:58] [Server thread/INFO]: Hopper Transfer: 8 Hopper Check: 1 Hopper Amount: 1
[15:07:58] [Server thread/INFO]: Entity Activation Range: An 32 / Mo 32 / Mi 16 / Tiv true
[15:07:58] [Server thread/INFO]: Tile Max Tick Time: 50ms Entity max Tick Time: 50ms
[15:07:58] [Server thread/INFO]: Random Lighting Updates: false
[15:07:58] [Server thread/INFO]: Structure Info Saving: true
[15:07:58] [Server thread/INFO]: Custom Map Seeds:  Village: 10387312 Feature: 14357617 Monument: 10387313 Slime: 987234911
[15:07:58] [Server thread/INFO]: Max TNT Explosions: 100
[15:07:58] [Server thread/INFO]: Zombie Aggressive Towards Villager: true
[15:07:58] [Server thread/INFO]: Nerfing mobs spawned from spawners: false
[15:07:58] [Server thread/INFO]: Item Despawn Rate: 6000
[15:07:58] [Server thread/INFO]: Item Merge Radius: 2.5
[15:07:58] [Server thread/INFO]: View Distance: 10
[15:07:58] [Server thread/INFO]: Experience Merge Radius: 3.0
[15:07:58] [Server thread/INFO]: Allow Zombie Pigmen to spawn from portal blocks: true
[15:07:58] [Server thread/INFO]: Arrow Despawn Rate: 1200
[15:07:58] [Server thread/INFO]: -------- World Settings For [world_nether] --------
[15:07:58] [Server thread/INFO]: Mob Spawn Range: 4
[15:07:58] [Server thread/INFO]: Cactus Growth Modifier: 100%
[15:07:58] [Server thread/INFO]: Cane Growth Modifier: 100%
[15:07:58] [Server thread/INFO]: Melon Growth Modifier: 100%
[15:07:58] [Server thread/INFO]: Mushroom Growth Modifier: 100%
[15:07:58] [Server thread/INFO]: Pumpkin Growth Modifier: 100%
[15:07:58] [Server thread/INFO]: Sapling Growth Modifier: 100%
[15:07:58] [Server thread/INFO]: Wheat Growth Modifier: 100%
[15:07:58] [Server thread/INFO]: NetherWart Growth Modifier: 100%
[15:07:58] [Server thread/INFO]: Vine Growth Modifier: 100%
[15:07:58] [Server thread/INFO]: Cocoa Growth Modifier: 100%
[15:07:58] [Server thread/INFO]: Entity Tracking Range: Pl 48 / An 48 / Mo 48 / Mi 32 / Other 64
[15:07:58] [Server thread/INFO]: Hopper Transfer: 8 Hopper Check: 1 Hopper Amount: 1
[15:07:58] [Server thread/INFO]: Entity Activation Range: An 32 / Mo 32 / Mi 16 / Tiv true
[15:07:58] [Server thread/INFO]: Tile Max Tick Time: 50ms Entity max Tick Time: 50ms
[15:07:58] [Server thread/INFO]: Random Lighting Updates: false
[15:07:58] [Server thread/INFO]: Structure Info Saving: true
[15:07:58] [Server thread/INFO]: Custom Map Seeds:  Village: 10387312 Feature: 14357617 Monument: 10387313 Slime: 987234911
[15:07:58] [Server thread/INFO]: Max TNT Explosions: 100
[15:07:58] [Server thread/INFO]: Zombie Aggressive Towards Villager: true
[15:07:58] [Server thread/INFO]: Nerfing mobs spawned from spawners: false
[15:07:58] [Server thread/INFO]: Item Despawn Rate: 6000
[15:07:58] [Server thread/INFO]: Item Merge Radius: 2.5
[15:07:58] [Server thread/INFO]: View Distance: 10
[15:07:58] [Server thread/INFO]: Experience Merge Radius: 3.0
[15:07:58] [Server thread/INFO]: Allow Zombie Pigmen to spawn from portal blocks: true
[15:07:58] [Server thread/INFO]: Arrow Despawn Rate: 1200
[15:07:58] [Server thread/INFO]: -------- World Settings For [world_the_end] --------
[15:07:58] [Server thread/INFO]: Mob Spawn Range: 4
[15:07:58] [Server thread/INFO]: Cactus Growth Modifier: 100%
[15:07:58] [Server thread/INFO]: Cane Growth Modifier: 100%
[15:07:58] [Server thread/INFO]: Melon Growth Modifier: 100%
[15:07:58] [Server thread/INFO]: Mushroom Growth Modifier: 100%
[15:07:58] [Server thread/INFO]: Pumpkin Growth Modifier: 100%
[15:07:58] [Server thread/INFO]: Sapling Growth Modifier: 100%
[15:07:58] [Server thread/INFO]: Wheat Growth Modifier: 100%
[15:07:58] [Server thread/INFO]: NetherWart Growth Modifier: 100%
[15:07:58] [Server thread/INFO]: Vine Growth Modifier: 100%
[15:07:58] [Server thread/INFO]: Cocoa Growth Modifier: 100%
[15:07:58] [Server thread/INFO]: Entity Tracking Range: Pl 48 / An 48 / Mo 48 / Mi 32 / Other 64
[15:07:58] [Server thread/INFO]: Hopper Transfer: 8 Hopper Check: 1 Hopper Amount: 1
[15:07:58] [Server thread/INFO]: Entity Activation Range: An 32 / Mo 32 / Mi 16 / Tiv true
[15:07:58] [Server thread/INFO]: Tile Max Tick Time: 50ms Entity max Tick Time: 50ms
[15:07:58] [Server thread/INFO]: Random Lighting Updates: false
[15:07:58] [Server thread/INFO]: Structure Info Saving: true
[15:07:58] [Server thread/INFO]: Custom Map Seeds:  Village: 10387312 Feature: 14357617 Monument: 10387313 Slime: 987234911
[15:07:58] [Server thread/INFO]: Max TNT Explosions: 100
[15:07:58] [Server thread/INFO]: Zombie Aggressive Towards Villager: true
[15:07:58] [Server thread/INFO]: Nerfing mobs spawned from spawners: false
[15:07:58] [Server thread/INFO]: Item Despawn Rate: 6000
[15:07:58] [Server thread/INFO]: Item Merge Radius: 2.5
[15:07:58] [Server thread/INFO]: View Distance: 10
[15:07:58] [Server thread/INFO]: Experience Merge Radius: 3.0
[15:07:58] [Server thread/INFO]: Allow Zombie Pigmen to spawn from portal blocks: true
[15:07:58] [Server thread/INFO]: Arrow Despawn Rate: 1200
[15:07:58] [Server thread/INFO]: Preparing start region for level 0 (Seed: 6069791345361028862)
[15:07:59] [Server thread/INFO]: Preparing spawn area: 43%
[15:08:00] [Server thread/INFO]: Preparing start region for level 1 (Seed: 6069791345361028862)
[15:08:00] [Server thread/INFO]: Preparing start region for level 2 (Seed: 6069791345361028862)
[15:08:00] [Server thread/INFO]: [AuthMe] Enabling AuthMe v5.6.0-bCUSTOM
[15:08:00] [Server thread/INFO]: [AuthMe] Created column 'regdate' and set the current timestamp, 1788386880606, to all 0 rows
[15:08:00] [Server thread/INFO]: [AuthMe] SQLite Setup finished
[15:08:00] [Server thread/INFO]: [AuthMe] No supported permissions system found! Permissions are disabled!
[15:08:00] [Server thread/WARN]: [AuthMe] WARNING! The protectInventory feature requires ProtocolLib! Disabling it...
[15:08:01] [Server thread/INFO]: [AuthMe] AuthMe 5.6.0 build n.CUSTOM successfully enabled!
[15:08:01] [Server thread/INFO]: [ViaVersion] Enabling ViaVersion v5.11.0
[15:08:01] [Server thread/INFO]: [EaglerXServer] Enabling EaglercraftXServer v1.1.0
[15:08:01] [Server thread/INFO]: [EaglerXServer] Connecting to skin cache database "jdbc:sqlite:eagler_skins_cache.db"...
[15:08:01] [Netty Server IO #0/INFO]: [EaglerXServer] Listener "default" injected into channel [id: 0xde791941, L:/[0:0:0:0:0:0:0:0]:25565] successfully (Generic Netty method)
[15:08:01] [Server thread/INFO]: [EaglerXServer] Connected to skin cache database successfully!
[15:08:01] [Server thread/INFO]: [EaglerXRewind-1.5] Enabling EaglercraftXRewind-1-5 v1.0.3
[15:08:01] [Server thread/INFO]: [EaglerXRewind-1.5] EaglerXRewind protocol for Eaglercraft 1.5.2 has been registered
[15:08:01] [Server thread/INFO]: [ViaBackwards] Enabling ViaBackwards v5.11.0
[15:08:01] [Server thread/INFO]: Done (2.836s)! For help, type "help" or "?"
[15:08:01] [Server thread/INFO]: Timings Reset
[15:08:01] [Server thread/INFO]: [ViaVersion] ViaVersion detected server version: 1.12.2 (340)
[15:08:01] [Server thread/WARN]: [ViaVersion] This version of Minecraft is extremely outdated and support for it has reached its end of life. You will still be able to run Via on this Minecraft version, but we will prioritize issues with legacy Minecraft versions less. Please consider updating to give your players a better experience and to avoid issues that have long been fixed.
[15:08:01] [Server thread/WARN]: [ViaVersion] Please update your Java runtime to at least Java 21 (your version is 17).
[15:08:01] [Server thread/WARN]: [ViaVersion] At some point in the future, ViaVersion will no longer be compatible with this version of Java.
[15:08:01] [Craft Scheduler Thread - 3/INFO]: [AuthMe] Downloading GEO IP database, because the old database is older than 30 days or doesn't exist
[15:08:01] [Craft Scheduler Thread - 3/WARN]: [AuthMe] No MaxMind credentials found in the configuration file! GeoIp protections will be disabled.
[15:08:01] [Craft Scheduler Thread - 3/INFO]: [AuthMe] There is no newer GEO IP database uploaded to MaxMind. Using the old one for now.
[15:08:01] [Craft Scheduler Thread - 3/WARN]: [AuthMe] Could not download GeoLiteAPI database [FileNotFoundException]: plugins\AuthMe\GeoLite2-Country.mmdb (The system cannot find the file specified)
[15:08:01] [Craft Scheduler Thread - 2/INFO]: [ViaVersion] Finished mapping loading, shutting down loader executor.
[15:08:01] [Netty Server IO #2/INFO]: [EaglerXServer] Refreshed update certificate: https://deev.is/eagler/backup.cert
[15:08:01] [Netty Server IO #1/WARN]: [EaglerXServer] =============================================
[15:08:01] [Netty Server IO #1/WARN]: [EaglerXServer] =============================================
[15:08:01] [Netty Server IO #1/WARN]: [EaglerXServer] 
[15:08:01] [Netty Server IO #1/WARN]: [EaglerXServer]  Updates are available for EaglerXServer
[15:08:01] [Netty Server IO #1/WARN]: [EaglerXServer]  ---------------------------------------
[15:08:01] [Netty Server IO #1/WARN]: [EaglerXServer] 
[15:08:01] [Netty Server IO #1/WARN]: [EaglerXServer]    :< Active: 1.1.0
[15:08:01] [Netty Server IO #1/WARN]: [EaglerXServer] 
[15:08:01] [Netty Server IO #1/WARN]: [EaglerXServer]    :> Latest: 1.1.1
[15:08:01] [Netty Server IO #1/WARN]: [EaglerXServer] 
[15:08:01] [Netty Server IO #1/WARN]: [EaglerXServer]  https://lax1dude.net/eaglerxserver/
[15:08:01] [Netty Server IO #1/WARN]: [EaglerXServer]  -----------------------------------
[15:08:01] [Netty Server IO #1/WARN]: [EaglerXServer] 
[15:08:01] [Netty Server IO #1/WARN]: [EaglerXServer] =============================================
[15:08:01] [Netty Server IO #1/WARN]: [EaglerXServer] =============================================
[15:08:26] [Server thread/INFO]: [Server] hello
[15:08:28] [Server thread/INFO]: Stopping the server
[15:08:28] [Server thread/INFO]: Stopping server
[15:08:28] [Server thread/INFO]: [ViaRewind] Disabling ViaRewind v4.1.3
[15:08:28] [Server thread/INFO]: [ViaBackwards] Disabling ViaBackwards v5.11.0
[15:08:28] [Server thread/INFO]: [EaglerXRewind-1.5] Disabling EaglercraftXRewind-1-5 v1.0.3
[15:08:28] [Server thread/INFO]: [EaglerXRewind-1.5] EaglerXRewind protocol for Eaglercraft 1.5.2 has been unregistered
[15:08:28] [Server thread/INFO]: [EaglerXServer] Disabling EaglercraftXServer v1.1.0
[15:08:28] [Server thread/INFO]: [EaglerXServer] Disconnecting from skin cache database "jdbc:sqlite:eagler_skins_cache.db"...
[15:08:28] [Server thread/INFO]: [EaglerXServer] Disconnected from skin cache database successfully!
[15:08:28] [Server thread/INFO]: [ViaVersion] Disabling ViaVersion v5.11.0
[15:08:28] [Server thread/INFO]: [ViaVersion] ViaVersion is disabling. If this is a reload and you experience issues, please reboot instead.
[15:08:28] [Server thread/WARN]: [ViaVersion] Could not get handler DefaultChannelPipeline$TailContext#0
[15:08:28] [Server thread/INFO]: [ViaVersion] ViaVersion has been disabled; uninjected the platform and shut down the scheduler.
[15:08:28] [Server thread/INFO]: [AuthMe] Disabling AuthMe v5.6.0-bCUSTOM
[15:08:28] [Server thread/INFO]: [AuthMe] Waiting for 0 tasks to finish
[15:08:28] [Server thread/INFO]: [AuthMe] AuthMe 5.6.0-bCUSTOM disabled!
[15:08:28] [Server thread/INFO]: Saving players
[15:08:28] [Server thread/INFO]: Saving worlds
[15:08:28] [Server thread/INFO]: Saving chunks for level 'world'/overworld
[15:08:28] [Server thread/INFO]: Saving chunks for level 'world_nether'/the_nether
[15:08:28] [Server thread/INFO]: Saving chunks for level 'world_the_end'/the_end
